[debug] [2026-09-08T05:20:32.820Z] ----------------------------------------------------------------------
[debug] [2026-09-08T05:20:32.822Z] Command:       C:\Program Files\nodejs\node.exe C:\Users\akil9\AppData\Roaming\npm\node_modules\firebase-tools\lib\bin\firebase.js deploy --only hosting
[debug] [2026-09-08T05:20:32.822Z] CLI Version:   15.24.0
[debug] [2026-09-08T05:20:32.823Z] Platform:      win32
[debug] [2026-09-08T05:20:32.823Z] Node Version:  v24.13.0
[debug] [2026-09-08T05:20:32.823Z] Detected Agent: unknown
[debug] [2026-09-08T05:20:32.823Z] Time:          Tue Sep 08 2026 10:50:32 GMT+0530 (India Standard Time)
[debug] [2026-09-08T05:20:32.823Z] ----------------------------------------------------------------------
[debug] 
[debug] [2026-09-08T05:21:00.556Z] > command requires scopes: ["email","openid","https://www.googleapis.com/auth/cloudplatformprojects.readonly","https://www.googleapis.com/auth/firebase","https://www.googleapis.com/auth/cloud-platform"]
[debug] [2026-09-08T05:21:00.556Z] > authorizing via signed-in user (omsreeayyansevatrust@gmail.com)
[debug] [2026-09-08T05:21:00.556Z] [iam] checking project milk-subscription-app for permissions ["firebase.projects.get","firebasehosting.sites.update"]
[debug] [2026-09-08T05:21:00.568Z] Checked if tokens are valid: true, expires at: 1788848377293
[debug] [2026-09-08T05:21:00.568Z] Checked if tokens are valid: true, expires at: 1788848377293
[debug] [2026-09-08T05:21:00.569Z] >>> [apiv2][query] POST https://cloudresourcemanager.googleapis.com/v1/projects/milk-subscription-app:testIamPermissions [none]
[debug] [2026-09-08T05:21:00.570Z] >>> [apiv2][(partial)header] POST https://cloudresourcemanager.googleapis.com/v1/projects/milk-subscription-app:testIamPermissions  x-goog-user-project=milk-subscription-app
[debug] [2026-09-08T05:21:00.570Z] >>> [apiv2][body] POST https://cloudresourcemanager.googleapis.com/v1/projects/milk-subscription-app:testIamPermissions {"permissions":["firebase.projects.get","firebasehosting.sites.update"]}
[debug] [2026-09-08T05:21:01.957Z] <<< [apiv2][status] POST https://cloudresourcemanager.googleapis.com/v1/projects/milk-subscription-app:testIamPermissions 403
[debug] [2026-09-08T05:21:01.957Z] <<< [apiv2][body] POST https://cloudresourcemanager.googleapis.com/v1/projects/milk-subscription-app:testIamPermissions {"error":{"code":403,"message":"Project milk-subscription-app has been deleted.","status":"PERMISSION_DENIED","details":[{"@type":"type.googleapis.com/google.rpc.ErrorInfo","reason":"USER_PROJECT_DENIED","domain":"googleapis.com","metadata":{"consumer":"projects/milk-subscription-app","service":"cloudresourcemanager.googleapis.com","containerInfo":"milk-subscription-app"}},{"@type":"type.googleapis.com/google.rpc.LocalizedMessage","locale":"en-US","message":"Project milk-subscription-app has been deleted."}]}}
[debug] [2026-09-08T05:21:01.958Z] [iam] error while checking permissions, command may fail: Request to https://cloudresourcemanager.googleapis.com/v1/projects/milk-subscription-app:testIamPermissions had HTTP Error: 403, Project milk-subscription-app has been deleted.
[debug] [2026-09-08T05:21:01.959Z] Checked if tokens are valid: true, expires at: 1788848377293
[debug] [2026-09-08T05:21:01.959Z] Checked if tokens are valid: true, expires at: 1788848377293
[debug] [2026-09-08T05:21:01.959Z] >>> [apiv2][query] GET https://firebase.googleapis.com/v1beta1/projects/milk-subscription-app [none]
[debug] [2026-09-08T05:21:02.416Z] <<< [apiv2][status] GET https://firebase.googleapis.com/v1beta1/projects/milk-subscription-app 403
[debug] [2026-09-08T05:21:02.416Z] <<< [apiv2][body] GET https://firebase.googleapis.com/v1beta1/projects/milk-subscription-app {"error":{"code":403,"message":"The caller does not have permission","status":"PERMISSION_DENIED"}}
[debug] [2026-09-08T05:21:02.416Z] Request to https://firebase.googleapis.com/v1beta1/projects/milk-subscription-app had HTTP Error: 403, The caller does not have permission
[debug] [2026-09-08T05:21:02.553Z] FirebaseError: Request to https://firebase.googleapis.com/v1beta1/projects/milk-subscription-app had HTTP Error: 403, The caller does not have permission
    at responseToError (C:\Users\akil9\AppData\Roaming\npm\node_modules\firebase-tools\lib\responseToError.js:53:12)
    at RetryOperation._fn (C:\Users\akil9\AppData\Roaming\npm\node_modules\firebase-tools\lib\apiv2.js:415:77)
    at process.processTicksAndRejections (node:internal/process/task_queues:103:5)
[error] 
[error] Error: Failed to get Firebase project milk-subscription-app. Please make sure the project exists and your account has permission to access it.
